
   INFO  Server running on [http://0.0.0.0:8000].  

  Press Ctrl+C to stop the server

  2026-04-25 10:55:12 / ..................................................................................... ~ ثانية
  2026-04-25 10:55:12 /pos .................................................................................. ~ ثانية
  2026-04-25 10:55:13 /api/pos/categories ................................................................ ~ 110.31ms
  2026-04-25 10:55:14 /api/products ....................................................................... ~ 21.16ms
  2026-04-25 10:55:14 /favicon.ico ........................................................................ ~ 21.61ms
  2026-04-25 10:56:23 / .................................................................................. ~ 561.64ms
  2026-04-25 10:56:24 /pos ................................................................................. ~ 0.47ms
  2026-04-25 10:56:24 /api/pos/categories .................................................................. ~ 0.42ms
  2026-04-25 10:56:25 /api/products ........................................................................ ~ 0.54ms
  2026-04-25 10:56:25 /favicon.ico ......................................................................... ~ 7.79ms
  2026-04-25 10:56:25 ....................................................................................... ~ ثانية
  2026-04-25 11:03:09 /admin ............................................................................. ~ 512.37ms
  2026-04-25 11:03:09 /api/admin/dashboard ............................................................... ~ 515.63ms
  2026-04-25 11:03:09 /favicon.ico ......................................................................... ~ 3.34ms
  2026-04-25 11:03:14 /api/admin/dashboard ................................................................. ~ 0.46ms
  2026-04-25 11:03:14 /favicon.ico ......................................................................... ~ 7.51ms
  2026-04-25 11:03:15 /api/admin/dashboard ................................................................ ~ 4 ثواني
  2026-04-25 11:03:20 /api/admin/dashboard ................................................................. ~ 0.50ms
  2026-04-25 11:03:21 /api/admin/dashboard ............................................................... ~ 511.46ms
  2026-04-25 11:03:23 /api/admin/dashboard ................................................................. ~ 0.44ms
  2026-04-25 11:03:23 /api/admin/dashboard ................................................................ ~ ثانيتين
  2026-04-25 11:03:27 /api/admin/dashboard ................................................................. ~ 0.49ms
  2026-04-25 11:03:27 /api/products ....................................................................... ~ 4 ثواني
  2026-04-25 11:03:32 /favicon.ico ......................................................................... ~ 0.41ms
  2026-04-25 11:03:37 /api/products ........................................................................ ~ 0.48ms
  2026-04-25 11:03:37 /favicon.ico ......................................................................... ~ 7.73ms
  2026-04-25 11:03:37 ........................................................................... ~ 22 دقيقة 45 ثانية
  2026-04-25 11:38:00 / .................................................................................. ~ 513.47ms
  2026-04-25 11:38:00 /login ............................................................................. ~ 518.31ms
  2026-04-25 11:38:00 /favicon.ico ....................................................................... ~ 514.42ms
  2026-04-25 11:40:28 /login ............................................................................. ~ 506.01ms
  2026-04-25 11:40:28 /favicon.ico ......................................................................... ~ 0.46ms
  2026-04-25 11:40:28 /api/auth/login .................................................................... ~ 12 ثانية
  2026-04-25 11:40:57 /api/auth/login ...................................................................... ~ 0.51ms
  2026-04-25 11:40:57 /api/auth/login ..................................................................... ~ ثانيتين
  2026-04-25 11:41:03 /api/auth/login ...................................................................... ~ 0.53ms
  2026-04-25 11:41:03 /api/auth/login .................................................................... ~ 50 ثانية
  2026-04-25 11:41:55 /api/auth/login ...................................................................... ~ 0.45ms
  2026-04-25 11:41:55 .............................................................................. ~ دقيقة 25 ثانية
  2026-04-25 11:43:21 /login ............................................................................... ~ 0.57ms
  2026-04-25 11:43:21 /favicon.ico ......................................................................... ~ 3.91ms
  2026-04-25 11:43:21 /api/auth/login .................................................................... ~ 16 ثانية
  2026-04-25 11:43:44 /favicon.ico ......................................................................... ~ 0.49ms
  2026-04-25 11:43:44 /login ............................................................................. ~ 16 ثانية
  2026-04-25 11:44:00 /favicon.ico ......................................................................... ~ 0.48ms
  2026-04-25 11:44:15 /api/auth/login ...................................................................... ~ 0.46ms
  2026-04-25 11:44:15 /pos ............................................................................... ~ 14 ثانية
  2026-04-25 11:44:30 /api/categories ...................................................................... ~ 0.49ms
  2026-04-25 11:44:30 /api/products ........................................................................ ~ 0.49ms
  2026-04-25 11:44:31 /favicon.ico ......................................................................... ~ 0.41ms
  2026-04-25 11:44:54 /pos ............................................................................... ~ 500.98ms
  2026-04-25 11:44:54 /api/categories .................................................................... ~ 507.98ms
  2026-04-25 11:44:54 /api/products ........................................................................ ~ 3.35ms
  2026-04-25 11:44:55 /favicon.ico ......................................................................... ~ 0.49ms
  2026-04-25 11:44:57 /products ............................................................................ ~ 0.57ms
  2026-04-25 11:44:57 /api/products ........................................................................ ~ 4.03ms
  2026-04-25 11:44:58 /api/categories ...................................................................... ~ 3.57ms
  2026-04-25 11:44:58 /favicon.ico ......................................................................... ~ 0.52ms
  2026-04-25 11:45:00 /api/products ........................................................................ ~ 0.51ms
  2026-04-25 11:45:00 /favicon.ico ......................................................................... ~ 7.46ms
  2026-04-25 11:45:00 /api/categories ..................................................................... ~ 3 ثواني
  2026-04-25 11:45:06 /api/categories ...................................................................... ~ 0.61ms
  2026-04-25 11:45:06 /api/customers ...................................................................... ~ ثانيتين
  2026-04-25 11:45:12 /pos ................................................................................. ~ 0.50ms
  2026-04-25 11:45:12 /api/categories ...................................................................... ~ 0.49ms
  2026-04-25 11:45:12 /api/products ........................................................................ ~ 3.41ms
  2026-04-25 11:45:12 /favicon.ico ......................................................................... ~ 0.46ms
  2026-04-25 11:45:19 /api/products ........................................................................ ~ 0.50ms
  2026-04-25 11:45:19 /api/categories ....................................................................... ~ ثانية
  2026-04-25 11:45:24 /api/stock/low-stock ................................................................. ~ 0.55ms
  2026-04-25 11:45:24 /api/categories ....................................................................... ~ ثانية
  2026-04-25 11:45:27 /api/customers ....................................................................... ~ 0.45ms
  2026-04-25 11:45:27 /pos ................................................................................ ~ ثانيتين
  2026-04-25 11:45:30 /api/categories ...................................................................... ~ 0.48ms
  2026-04-25 11:45:30 /api/products ........................................................................ ~ 1.11ms
  2026-04-25 11:45:30 /favicon.ico ......................................................................... ~ 0.55ms
  2026-04-25 11:49:10 /login ............................................................................. ~ 515.30ms
  2026-04-25 11:49:10 /favicon.ico ....................................................................... ~ 521.93ms
  2026-04-25 11:49:31 /api/auth/login ...................................................................... ~ 1.26ms
  2026-04-25 11:49:31 /api/auth/login ..................................................................... ~ ثانيتين
  2026-04-25 11:49:35 /api/auth/login ...................................................................... ~ 0.49ms
  2026-04-25 11:49:35 /api/auth/login ....................................................................... ~ ثانية
  2026-04-25 11:49:42 /api/auth/login ...................................................................... ~ 0.46ms
  2026-04-25 11:49:42 /api/auth/login .................................................................... ~ 557.82ms
  2026-04-25 11:49:11 /favicon.ico ....................................................................... ~ 35 ثانية
  2026-04-25 11:49:48 /api/auth/login ...................................................................... ~ 0.46ms
  2026-04-25 11:49:48 /api/auth/login .................................................................... ~ 515.61ms
  2026-04-25 11:49:49 /api/auth/login ...................................................................... ~ 0.37ms
  2026-04-25 11:49:49 /api/auth/login .................................................................... ~ 502.22ms
  2026-04-25 11:49:53 /api/auth/login ...................................................................... ~ 0.45ms
  2026-04-25 11:49:53 /api/auth/login .................................................................... ~ 514.90ms
  2026-04-25 11:50:20 /login|تسجيل ......................................................................... ~ 0.53ms
  2026-04-25 11:50:20 /favicon.ico ......................................................................... ~ 0.41ms
  2026-04-25 11:50:20 /dashboard|لوحة ..................................................................... ~ 3 ثواني
  2026-04-25 11:50:23 /favicon.ico ......................................................................... ~ 0.41ms
  2026-04-25 11:50:27 /pos|نقطة ............................................................................ ~ 0.50ms
  2026-04-25 11:50:27 /favicon.ico ......................................................................... ~ 3.31ms
  2026-04-25 11:50:27 /help|مساعدة| ....................................................................... ~ ثانيتين
  2026-04-25 11:50:29 /favicon.ico ......................................................................... ~ 0.38ms
  2026-04-25 11:50:38 /login|تسجيل ......................................................................... ~ 0.57ms
  2026-04-25 11:50:38 /favicon.ico ....................................................................... ~ 515.72ms
  2026-04-25 11:50:38 ...................................................................................... ~ 0.41ms
  2026-04-25 11:51:11 /login ............................................................................... ~ 0.52ms
  2026-04-25 11:51:15 /api/auth/login .................................................................... ~ 530.73ms

   INFO  Environment modified. Restarting server...  

   INFO  Server running on [http://0.0.0.0:8000].  

  Press Ctrl+C to stop the server

  2026-04-25 11:52:12 /api/auth/login ....................................................................... ~ ثانية
  2026-04-25 11:53:31 /api/test ............................................................................ ~ 0.49ms
  2026-04-25 11:53:34 /api/auth/login ....................................................................... ~ ثانية
  2026-04-25 11:53:36 /login|تسجيل ......................................................................... ~ 0.48ms
  2026-04-25 11:53:37 /favicon.ico ......................................................................... ~ 0.45ms
  2026-04-25 11:53:37 .................................................................................... ~ 509.92ms
  2026-04-25 11:53:47 /login ............................................................................. ~ 505.30ms
  2026-04-25 11:53:47 /favicon.ico ....................................................................... ~ 509.39ms
  2026-04-25 11:53:48 /api/auth/login .................................................................... ~ 507.14ms
  2026-04-25 11:53:47 ....................................................................................... ~ ثانية
  2026-04-25 11:54:07 /api/auth/login .................................................................... ~ 505.16ms
  2026-04-25 11:54:24 /login ............................................................................. ~ 515.28ms
  2026-04-25 11:54:24 /favicon.ico ....................................................................... ~ 522.58ms
  2026-04-25 11:54:37 /api/auth/login ...................................................................... ~ 0.57ms
  2026-04-25 11:54:37 /api/auth/login ...................................................................... ~ 0.43ms
  2026-04-25 11:54:24 /dashboard ......................................................................... ~ 12 ثانية
  2026-04-25 11:54:37 /api/admin/dashboard ............................................................... ~ 511.60ms
  2026-04-25 11:54:38 /favicon.ico ......................................................................... ~ 0.59ms
  2026-04-25 11:54:38 /api/products ........................................................................ ~ 0.49ms
  2026-04-25 11:54:46 /export ............................................................................ ~ 515.43ms
  2026-04-25 11:54:47 /api/products ........................................................................ ~ 0.40ms
  2026-04-25 11:54:47 /favicon.ico ......................................................................... ~ 3.09ms
  2026-04-25 11:54:50 /favicon.ico ......................................................................... ~ 0.57ms
  2026-04-25 11:54:51 /settings ............................................................................. ~ ثانية
  2026-04-25 11:54:52 /api/admin/dashboard ................................................................. ~ 0.54ms
  2026-04-25 11:54:52 /favicon.ico ......................................................................... ~ 0.54ms
  2026-04-25 11:54:52 /api/admin/top-products .............................................................. ~ 0.52ms
  2026-04-25 11:54:52 /api/products ....................................................................... ~ 11.48ms
  2026-04-25 11:54:54 /favicon.ico ......................................................................... ~ 0.46ms
  2026-04-25 11:54:54 /inventory ............................................................................ ~ ثانية
  2026-04-25 11:54:55 /api/products ........................................................................ ~ 0.50ms
  2026-04-25 11:54:56 /favicon.ico ......................................................................... ~ 0.52ms
  2026-04-25 11:54:57 /invoices ............................................................................ ~ 0.47ms
  2026-04-25 11:54:57 /api/invoices ........................................................................ ~ 0.54ms
  2026-04-25 11:54:57 /favicon.ico ......................................................................... ~ 0.50ms
  2026-04-25 11:54:58 /api/invoices ....................................................................... ~ 16.35ms
  2026-04-25 11:54:58 /favicon.ico ......................................................................... ~ 0.39ms
  2026-04-25 11:54:58 /products .......................................................................... ~ 513.83ms
  2026-04-25 11:54:58 /api/products ........................................................................ ~ 0.45ms
  2026-04-25 11:54:59 /api/categories ...................................................................... ~ 0.46ms
  2026-04-25 11:54:59 /favicon.ico ......................................................................... ~ 3.10ms
  2026-04-25 11:55:00 /api/products ........................................................................ ~ 0.46ms
  2026-04-25 11:55:00 /favicon.ico ........................................................................ ~ 16.30ms
  2026-04-25 11:55:00 /api/products ....................................................................... ~ ثانيتين
  2026-04-25 11:55:02 /api/products ........................................................................ ~ 0.48ms
  2026-04-25 11:55:02 /api/categories .................................................................... ~ 511.75ms
  2026-04-25 11:55:05 /api/stock/low-stock ................................................................. ~ 0.48ms
  2026-04-25 11:55:05 /api/categories .................................................................... ~ 516.21ms
  2026-04-25 11:55:07 /pos ............................................................................... ~ 515.59ms
  2026-04-25 11:55:07 /api/categories ...................................................................... ~ 0.46ms
  2026-04-25 11:55:07 /api/products ........................................................................ ~ 3.19ms
  2026-04-25 11:55:07 /favicon.ico ......................................................................... ~ 0.58ms
  2026-04-25 11:55:13 /api/products ........................................................................ ~ 0.52ms
  2026-04-25 11:55:13 /api/products ...................................................................... ~ 512.50ms
  2026-04-25 11:55:15 /api/categories ...................................................................... ~ 0.44ms
  2026-04-25 11:55:15 /api/categories ..................................................................... ~ 4 ثواني
  2026-04-25 11:55:20 /api/customers ....................................................................... ~ 0.50ms
  2026-04-25 11:55:21 /pos ................................................................................ ~ ثانيتين
  2026-04-25 11:55:23 /api/categories ...................................................................... ~ 0.45ms
  2026-04-25 11:55:23 /api/products ........................................................................ ~ 0.41ms
  2026-04-25 11:55:23 /favicon.ico ......................................................................... ~ 0.43ms
  2026-04-25 11:56:03 /api/products ......................................................................... ~ ثانية
  2026-04-25 11:57:13 /api/test ............................................................................ ~ 0.52ms
  2026-04-25 11:57:25 /|الرئيسية| .......................................................................... ~ 0.47ms
  2026-04-25 11:57:25 /favicon.ico ......................................................................... ~ 3.54ms
  2026-04-25 11:57:57 / .................................................................................. ~ 511.40ms
  2026-04-25 11:57:58 /login ............................................................................. ~ 512.16ms
  2026-04-25 11:58:10 /api/auth/login .................................................................... ~ 511.18ms
  2026-04-25 11:57:26 .............................................................................. ~ دقيقة 56 ثانية
